Archive member included to satisfy reference by file (symbol)

e:/tools/atmel/studio/7.0/toolchain/avr8/avr8-gnu-toolchain/bin/../lib/gcc/avr/5.4.0/avr5\libgcc.a(_divmodhi4.o)
                              clock.o (__divmodhi4)
e:/tools/atmel/studio/7.0/toolchain/avr8/avr8-gnu-toolchain/bin/../lib/gcc/avr/5.4.0/avr5\libgcc.a(_exit.o)
                              E:/tools/Atmel/Studio/7.0/Packs/atmel/ATmega_DFP/1.6.364/gcc/dev/atmega324pa/avr5/crtatmega324pa.o (exit)
e:/tools/atmel/studio/7.0/toolchain/avr8/avr8-gnu-toolchain/bin/../lib/gcc/avr/5.4.0/avr5\libgcc.a(_copy_data.o)
                              clock.o (__do_copy_data)
e:/tools/atmel/studio/7.0/toolchain/avr8/avr8-gnu-toolchain/bin/../lib/gcc/avr/5.4.0/avr5\libgcc.a(_clear_bss.o)
                              encoder.o (__do_clear_bss)
e:/tools/atmel/studio/7.0/toolchain/avr8/avr8-gnu-toolchain/bin/../lib/gcc/avr/5.4.0/avr5\libgcc.a(_ctors.o)
                              main.o (__do_global_ctors)
e:/tools/atmel/studio/7.0/toolchain/avr8/avr8-gnu-toolchain/bin/../lib/gcc/avr/5.4.0/avr5\libgcc.a(_dtors.o)
                              main.o (__do_global_dtors)
e:/tools/atmel/studio/7.0/toolchain/avr8/avr8-gnu-toolchain/bin/../lib/gcc/avr/5.4.0/avr5\libgcc.a(_udivmodhi4.o)
                              e:/tools/atmel/studio/7.0/toolchain/avr8/avr8-gnu-toolchain/bin/../lib/gcc/avr/5.4.0/avr5\libgcc.a(_divmodhi4.o) (__udivmodhi4)
e:/tools/atmel/studio/7.0/toolchain/avr8/avr8-gnu-toolchain/bin/../lib/gcc/avr/5.4.0/avr5\libgcc.a(_tablejump2.o)
                              e:/tools/atmel/studio/7.0/toolchain/avr8/avr8-gnu-toolchain/bin/../lib/gcc/avr/5.4.0/avr5\libgcc.a(_ctors.o) (__tablejump2__)
e:/tools/atmel/studio/7.0/toolchain/avr8/avr8-gnu-toolchain/bin/../lib/gcc/avr/5.4.0/../../../../avr/lib/avr5\libc.a(memset.o)
                              string_c.o (memset)
e:/tools/atmel/studio/7.0/toolchain/avr8/avr8-gnu-toolchain/bin/../lib/gcc/avr/5.4.0/../../../../avr/lib/avr5\libc.a(strcpy.o)
                              DG409.o (strcpy)
e:/tools/atmel/studio/7.0/toolchain/avr8/avr8-gnu-toolchain/bin/../lib/gcc/avr/5.4.0/../../../../avr/lib/avr5\libc.a(strncpy.o)
                              LCD.o (strncpy)
e:/tools/atmel/studio/7.0/toolchain/avr8/avr8-gnu-toolchain/bin/../lib/gcc/avr/5.4.0/../../../../avr/lib/avr5\libc.a(itoa.o)
                              main.o (__itoa)
e:/tools/atmel/studio/7.0/toolchain/avr8/avr8-gnu-toolchain/bin/../lib/gcc/avr/5.4.0/../../../../avr/lib/avr5\libc.a(itoa_ncheck.o)
                              LCD.o (__itoa_ncheck)
e:/tools/atmel/studio/7.0/toolchain/avr8/avr8-gnu-toolchain/bin/../lib/gcc/avr/5.4.0/../../../../avr/lib/avr5\libc.a(utoa_ncheck.o)
                              e:/tools/atmel/studio/7.0/toolchain/avr8/avr8-gnu-toolchain/bin/../lib/gcc/avr/5.4.0/../../../../avr/lib/avr5\libc.a(itoa_ncheck.o) (__utoa_common)
e:/tools/atmel/studio/7.0/toolchain/avr8/avr8-gnu-toolchain/bin/../lib/gcc/avr/5.4.0/../../../../avr/lib/avr5\libc.a(strrev.o)
                              e:/tools/atmel/studio/7.0/toolchain/avr8/avr8-gnu-toolchain/bin/../lib/gcc/avr/5.4.0/../../../../avr/lib/avr5\libc.a(utoa_ncheck.o) (strrev)

Discarded input sections

 .data          0x00000000        0x0 E:/tools/Atmel/Studio/7.0/Packs/atmel/ATmega_DFP/1.6.364/gcc/dev/atmega324pa/avr5/crtatmega324pa.o
 .bss           0x00000000        0x0 E:/tools/Atmel/Studio/7.0/Packs/atmel/ATmega_DFP/1.6.364/gcc/dev/atmega324pa/avr5/crtatmega324pa.o
 .text          0x00000000        0x0 adc.o
 .data          0x00000000        0x0 adc.o
 .bss           0x00000000        0x0 adc.o
 .text._ZN3adcC2Ev
                0x00000000        0x2 adc.o
 .text._ZN3adcD2Ev
                0x00000000        0x2 adc.o
 .text._ZN3adc10initialiseEv
                0x00000000       0x32 adc.o
 .text._ZN3adc19sleepnoisereductionEv
                0x00000000        0x2 adc.o
 .text._ZN3adc16powerconsumptionEv
                0x00000000        0x2 adc.o
 .text._ZN3adc14run_conversionEf
                0x00000000       0x20 adc.o
 .text._ZN3adc15set_adc_channelEc
                0x00000000       0x12 adc.o
 .comment       0x00000000       0x31 adc.o
 .text          0x00000000        0x0 amplifier.o
 .data          0x00000000        0x0 amplifier.o
 .bss           0x00000000        0x0 amplifier.o
 .comment       0x00000000       0x31 amplifier.o
 .text          0x00000000        0x0 clock.o
 .data          0x00000000        0x0 clock.o
 .bss           0x00000000        0x0 clock.o
 .text._ZN5clockD2Ev
                0x00000000        0x6 clock.o
 .text._ZN5clockC2Eii
                0x00000000       0x26 clock.o
 .text          0x00000000        0x0 configuration.o
 .data          0x00000000        0x0 configuration.o
 .bss           0x00000000        0x0 configuration.o
 .text._Z14lcd_initialisev
                0x00000000       0x80 configuration.o
 .data.line3    0x00000000       0x14 configuration.o
 .data.line2    0x00000000       0x14 configuration.o
 .data.line1    0x00000000       0x14 configuration.o
 .text          0x00000000        0x0 DG409.o
 .data          0x00000000        0x0 DG409.o
 .bss           0x00000000        0x0 DG409.o
 .text          0x00000000        0x0 DS1267.o
 .data          0x00000000        0x0 DS1267.o
 .bss           0x00000000        0x0 DS1267.o
 .text._ZN9nm_DS12676DS1267C2ENS_10ds1267PortE
                0x00000000       0x4c DS1267.o
 .text._ZN9nm_DS12676DS1267D2Ev
                0x00000000        0x2 DS1267.o
 .text._ZN9nm_DS12676DS126713buildregisterEv
                0x00000000       0x22 DS1267.o
 .text._ZN9nm_DS12676DS12679writeDataEv
                0x00000000       0xce DS1267.o
 .text._ZN9nm_DS12676DS12677readVolEv
                0x00000000        0x6 DS1267.o
 .text._ZN9nm_DS12676DS12677resetuCEv
                0x00000000        0x2 DS1267.o
 .text          0x00000000        0x0 encoder.o
 .data          0x00000000        0x0 encoder.o
 .bss           0x00000000        0x0 encoder.o
 .text          0x00000000        0x0 execution_queue.o
 .data          0x00000000        0x0 execution_queue.o
 .bss           0x00000000        0x0 execution_queue.o
 .text._ZN15execution_queueC2Ev
                0x00000000        0x2 execution_queue.o
 .text._ZN15execution_queueD2Ev
                0x00000000        0x2 execution_queue.o
 .comment       0x00000000       0x31 execution_queue.o
 .text          0x00000000        0x0 HD44780.o
 .data          0x00000000        0x0 HD44780.o
 .bss           0x00000000        0x0 HD44780.o
 .text          0x00000000        0x0 interrupts.o
 .data          0x00000000        0x0 interrupts.o
 .bss           0x00000000        0x0 interrupts.o
 .text._ZN5timerC2Ev
                0x00000000        0x2 interrupts.o
 .text._ZN5timer9interruptEv
                0x00000000        0x2 interrupts.o
 .text._ZN5timer15timer_interruptEPv
                0x00000000        0x2 interrupts.o
 .text          0x00000000        0x0 Initialiser.o
 .data          0x00000000        0x0 Initialiser.o
 .bss           0x00000000        0x0 Initialiser.o
 .text          0x00000000        0x0 LCD.o
 .data          0x00000000        0x0 LCD.o
 .bss           0x00000000        0x0 LCD.o
 .text._ZN11LCD_DISPLAY3LCDD2Ev
                0x00000000        0x2 LCD.o
 .group         0x00000000        0x8 main.o
 .text          0x00000000        0x0 main.o
 .data          0x00000000        0x0 main.o
 .bss           0x00000000        0x0 main.o
 .text.itoa     0x00000000        0x4 main.o
 .text._Z11build_clockii
                0x00000000      0x2ca main.o
 .data.dw       0x00000000        0x5 main.o
 .data.up       0x00000000        0x5 main.o
 .bss.msecs     0x00000000        0x2 main.o
 .bss.secs      0x00000000        0x2 main.o
 .bss.min       0x00000000        0x2 main.o
 .bss.hrs       0x00000000        0x2 main.o
 .bss.day       0x00000000        0x2 main.o
 .text          0x00000000        0x0 menu_element.o
 .data          0x00000000        0x0 menu_element.o
 .bss           0x00000000        0x0 menu_element.o
 .text._ZN12menu_element18sw_change_low_highEv
                0x00000000       0x10 menu_element.o
 .text._ZN12menu_element8get_nameEv
                0x00000000        0x4 menu_element.o
 .text._ZN12menu_element9get_valueEv
                0x00000000       0x12 menu_element.o
 .text._ZN12menu_element12get_superiorEv
                0x00000000        0x8 menu_element.o
 .text._ZN12menu_element9get_childEv
                0x00000000        0x8 menu_element.o
 .text._ZN12menu_element5istopEv
                0x00000000       0x12 menu_element.o
 .text          0x00000000        0x0 port.o
 .data          0x00000000        0x0 port.o
 .bss           0x00000000        0x0 port.o
 .text._ZN9nm_DS12678pin_port8getValueEv
                0x00000000       0x1a port.o
 .text._ZN9nm_DS12678pin_port11get_ddr_regEv
                0x00000000        0x6 port.o
 .text._ZN9nm_DS12678pin_port12get_port_regEv
                0x00000000        0x6 port.o
 .text._ZN9nm_DS12678pin_port12get_pinx_regEv
                0x00000000        0x6 port.o
 .text._ZN9nm_DS12678pin_port11get_pin_posEv
                0x00000000        0x6 port.o
 .text          0x00000000        0x0 PWMSet.o
 .data          0x00000000        0x0 PWMSet.o
 .bss           0x00000000        0x0 PWMSet.o
 .text._ZN6PWMSetD2Ev
                0x00000000        0x2 PWMSet.o
 .text._ZN6PWMSet6getpwmEv
                0x00000000        0xa PWMSet.o
 .text._ZN11PWM_ChannelC2EPVhh
                0x00000000        0xe PWMSet.o
 .text._ZN11PWM_ChannelC2Ev
                0x00000000        0x8 PWMSet.o
 .text._ZN11PWM_Channel8set_stepERKa
                0x00000000       0x1a PWMSet.o
 .text          0x00000000        0x0 SPI_Master.o
 .data          0x00000000        0x0 SPI_Master.o
 .bss           0x00000000        0x0 SPI_Master.o
 .text._ZN10SPI_MasterC2Ev
                0x00000000        0x2 SPI_Master.o
 .text._ZN10SPI_MasterD2Ev
                0x00000000        0x2 SPI_Master.o
 .text._Z14SPI_MasterInitv
                0x00000000        0x2 SPI_Master.o
 .text._Z18SPI_MasterTransmitc
                0x00000000        0x2 SPI_Master.o
 .text._Z13SPI_SlaveInitv
                0x00000000        0x2 SPI_Master.o
 .text._Z16SPI_SlaveReceivev
                0x00000000        0x2 SPI_Master.o
 .comment       0x00000000       0x31 SPI_Master.o
 .text          0x00000000        0x0 string_c.o
 .data          0x00000000        0x0 string_c.o
 .bss           0x00000000        0x0 string_c.o
 .text._ZN7string_8string_cC2Ei
                0x00000000       0x12 string_c.o
 .text._ZN7string_8string_c10get_lenghtEv
                0x00000000        0x8 string_c.o
 .text._ZN7string_8string_cpLERKS0_
                0x00000000       0x1a string_c.o
 .text          0x00000000        0x0 e:/tools/atmel/studio/7.0/toolchain/avr8/avr8-gnu-toolchain/bin/../lib/gcc/avr/5.4.0/avr5\libgcc.a(_divmodhi4.o)
 .data          0x00000000        0x0 e:/tools/atmel/studio/7.0/toolchain/avr8/avr8-gnu-toolchain/bin/../lib/gcc/avr/5.4.0/avr5\libgcc.a(_divmodhi4.o)
 .bss           0x00000000        0x0 e:/tools/atmel/studio/7.0/toolchain/avr8/avr8-gnu-toolchain/bin/../lib/gcc/avr/5.4.0/avr5\libgcc.a(_divmodhi4.o)
 .text.libgcc.mul
                0x00000000        0x0 e:/tools/atmel/studio/7.0/toolchain/avr8/avr8-gnu-toolchain/bin/../lib/gcc/avr/5.4.0/avr5\libgcc.a(_divmodhi4.o)
 .text.libgcc   0x00000000        0x0 e:/tools/atmel/studio/7.0/toolchain/avr8/avr8-gnu-toolchain/bin/../lib/gcc/avr/5.4.0/avr5\libgcc.a(_divmodhi4.o)
 .text.libgcc.prologue
                0x00000000        0x0 e:/tools/atmel/studio/7.0/toolchain/avr8/avr8-gnu-toolchain/bin/../lib/gcc/avr/5.4.0/avr5\libgcc.a(_divmodhi4.o)
 .text.libgcc.builtins
                0x00000000        0x0 e:/tools/atmel/studio/7.0/toolchain/avr8/avr8-gnu-toolchain/bin/../lib/gcc/avr/5.4.0/avr5\libgcc.a(_divmodhi4.o)
 .text.libgcc.fmul
                0x00000000        0x0 e:/tools/atmel/studio/7.0/toolchain/avr8/avr8-gnu-toolchain/bin/../lib/gcc/avr/5.4.0/avr5\libgcc.a(_divmodhi4.o)
 .text.libgcc.fixed
                0x00000000        0x0 e:/tools/atmel/studio/7.0/toolchain/avr8/avr8-gnu-toolchain/bin/../lib/gcc/avr/5.4.0/avr5\libgcc.a(_divmodhi4.o)
 .text          0x00000000        0x0 e:/tools/atmel/studio/7.0/toolchain/avr8/avr8-gnu-toolchain/bin/../lib/gcc/avr/5.4.0/avr5\libgcc.a(_exit.o)
 .data          0x00000000        0x0 e:/tools/atmel/studio/7.0/toolchain/avr8/avr8-gnu-toolchain/bin/../lib/gcc/avr/5.4.0/avr5\libgcc.a(_exit.o)
 .bss           0x00000000        0x0 e:/tools/atmel/studio/7.0/toolchain/avr8/avr8-gnu-toolchain/bin/../lib/gcc/avr/5.4.0/avr5\libgcc.a(_exit.o)
 .text.libgcc.mul
                0x00000000        0x0 e:/tools/atmel/studio/7.0/toolchain/avr8/avr8-gnu-toolchain/bin/../lib/gcc/avr/5.4.0/avr5\libgcc.a(_exit.o)
 .text.libgcc.div
                0x00000000        0x0 e:/tools/atmel/studio/7.0/toolchain/avr8/avr8-gnu-toolchain/bin/../lib/gcc/avr/5.4.0/avr5\libgcc.a(_exit.o)
 .text.libgcc   0x00000000        0x0 e:/tools/atmel/studio/7.0/toolchain/avr8/avr8-gnu-toolchain/bin/../lib/gcc/avr/5.4.0/avr5\libgcc.a(_exit.o)
 .text.libgcc.prologue
                0x00000000        0x0 e:/tools/atmel/studio/7.0/toolchain/avr8/avr8-gnu-toolchain/bin/../lib/gcc/avr/5.4.0/avr5\libgcc.a(_exit.o)
 .text.libgcc.builtins
                0x00000000        0x0 e:/tools/atmel/studio/7.0/toolchain/avr8/avr8-gnu-toolchain/bin/../lib/gcc/avr/5.4.0/avr5\libgcc.a(_exit.o)
 .text.libgcc.fmul
                0x00000000        0x0 e:/tools/atmel/studio/7.0/toolchain/avr8/avr8-gnu-toolchain/bin/../lib/gcc/avr/5.4.0/avr5\libgcc.a(_exit.o)
 .text.libgcc.fixed
                0x00000000        0x0 e:/tools/atmel/studio/7.0/toolchain/avr8/avr8-gnu-toolchain/bin/../lib/gcc/avr/5.4.0/avr5\libgcc.a(_exit.o)
 .text          0x00000000        0x0 e:/tools/atmel/studio/7.0/toolchain/avr8/avr8-gnu-toolchain/bin/../lib/gcc/avr/5.4.0/avr5\libgcc.a(_copy_data.o)
 .data          0x00000000        0x0 e:/tools/atmel/studio/7.0/toolchain/avr8/avr8-gnu-toolchain/bin/../lib/gcc/avr/5.4.0/avr5\libgcc.a(_copy_data.o)
 .bss           0x00000000        0x0 e:/tools/atmel/studio/7.0/toolchain/avr8/avr8-gnu-toolchain/bin/../lib/gcc/avr/5.4.0/avr5\libgcc.a(_copy_data.o)
 .text.libgcc.mul
                0x00000000        0x0 e:/tools/atmel/studio/7.0/toolchain/avr8/avr8-gnu-toolchain/bin/../lib/gcc/avr/5.4.0/avr5\libgcc.a(_copy_data.o)
 .text.libgcc.div
                0x00000000        0x0 e:/tools/atmel/studio/7.0/toolchain/avr8/avr8-gnu-toolchain/bin/../lib/gcc/avr/5.4.0/avr5\libgcc.a(_copy_data.o)
 .text.libgcc   0x00000000        0x0 e:/tools/atmel/studio/7.0/toolchain/avr8/avr8-gnu-toolchain/bin/../lib/gcc/avr/5.4.0/avr5\libgcc.a(_copy_data.o)
 .text.libgcc.prologue
                0x00000000        0x0 e:/tools/atmel/studio/7.0/toolchain/avr8/avr8-gnu-toolchain/bin/../lib/gcc/avr/5.4.0/avr5\libgcc.a(_copy_data.o)
 .text.libgcc.builtins
                0x00000000        0x0 e:/tools/atmel/studio/7.0/toolchain/avr8/avr8-gnu-toolchain/bin/../lib/gcc/avr/5.4.0/avr5\libgcc.a(_copy_data.o)
 .text.libgcc.fmul
                0x00000000        0x0 e:/tools/atmel/studio/7.0/toolchain/avr8/avr8-gnu-toolchain/bin/../lib/gcc/avr/5.4.0/avr5\libgcc.a(_copy_data.o)
 .text.libgcc.fixed
                0x00000000        0x0 e:/tools/atmel/studio/7.0/toolchain/avr8/avr8-gnu-toolchain/bin/../lib/gcc/avr/5.4.0/avr5\libgcc.a(_copy_data.o)
 .text          0x00000000        0x0 e:/tools/atmel/studio/7.0/toolchain/avr8/avr8-gnu-toolchain/bin/../lib/gcc/avr/5.4.0/avr5\libgcc.a(_clear_bss.o)
 .data          0x00000000        0x0 e:/tools/atmel/studio/7.0/toolchain/avr8/avr8-gnu-toolchain/bin/../lib/gcc/avr/5.4.0/avr5\libgcc.a(_clear_bss.o)
 .bss           0x00000000        0x0 e:/tools/atmel/studio/7.0/toolchain/avr8/avr8-gnu-toolchain/bin/../lib/gcc/avr/5.4.0/avr5\libgcc.a(_clear_bss.o)
 .text.libgcc.mul
                0x00000000        0x0 e:/tools/atmel/studio/7.0/toolchain/avr8/avr8-gnu-toolchain/bin/../lib/gcc/avr/5.4.0/avr5\libgcc.a(_clear_bss.o)
 .text.libgcc.div
                0x00000000        0x0 e:/tools/atmel/studio/7.0/toolchain/avr8/avr8-gnu-toolchain/bin/../lib/gcc/avr/5.4.0/avr5\libgcc.a(_clear_bss.o)
 .text.libgcc   0x00000000        0x0 e:/tools/atmel/studio/7.0/toolchain/avr8/avr8-gnu-toolchain/bin/../lib/gcc/avr/5.4.0/avr5\libgcc.a(_clear_bss.o)
 .text.libgcc.prologue
                0x00000000        0x0 e:/tools/atmel/studio/7.0/toolchain/avr8/avr8-gnu-toolchain/bin/../lib/gcc/avr/5.4.0/avr5\libgcc.a(_clear_bss.o)
 .text.libgcc.builtins
                0x00000000        0x0 e:/tools/atmel/studio/7.0/toolchain/avr8/avr8-gnu-toolchain/bin/../lib/gcc/avr/5.4.0/avr5\libgcc.a(_clear_bss.o)
 .text.libgcc.fmul
                0x00000000        0x0 e:/tools/atmel/studio/7.0/toolchain/avr8/avr8-gnu-toolchain/bin/../lib/gcc/avr/5.4.0/avr5\libgcc.a(_clear_bss.o)
 .text.libgcc.fixed
                0x00000000        0x0 e:/tools/atmel/studio/7.0/toolchain/avr8/avr8-gnu-toolchain/bin/../lib/gcc/avr/5.4.0/avr5\libgcc.a(_clear_bss.o)
 .text          0x00000000        0x0 e:/tools/atmel/studio/7.0/toolchain/avr8/avr8-gnu-toolchain/bin/../lib/gcc/avr/5.4.0/avr5\libgcc.a(_ctors.o)
 .data          0x00000000        0x0 e:/tools/atmel/studio/7.0/toolchain/avr8/avr8-gnu-toolchain/bin/../lib/gcc/avr/5.4.0/avr5\libgcc.a(_ctors.o)
 .bss           0x00000000        0x0 e:/tools/atmel/studio/7.0/toolchain/avr8/avr8-gnu-toolchain/bin/../lib/gcc/avr/5.4.0/avr5\libgcc.a(_ctors.o)
 .text.libgcc.mul
                0x00000000        0x0 e:/tools/atmel/studio/7.0/toolchain/avr8/avr8-gnu-toolchain/bin/../lib/gcc/avr/5.4.0/avr5\libgcc.a(_ctors.o)
 .text.libgcc.div
                0x00000000        0x0 e:/tools/atmel/studio/7.0/toolchain/avr8/avr8-gnu-toolchain/bin/../lib/gcc/avr/5.4.0/avr5\libgcc.a(_ctors.o)
 .text.libgcc   0x00000000        0x0 e:/tools/atmel/studio/7.0/toolchain/avr8/avr8-gnu-toolchain/bin/../lib/gcc/avr/5.4.0/avr5\libgcc.a(_ctors.o)
 .text.libgcc.prologue
                0x00000000        0x0 e:/tools/atmel/studio/7.0/toolchain/avr8/avr8-gnu-toolchain/bin/../lib/gcc/avr/5.4.0/avr5\libgcc.a(_ctors.o)
 .text.libgcc.builtins
                0x00000000        0x0 e:/tools/atmel/studio/7.0/toolchain/avr8/avr8-gnu-toolchain/bin/../lib/gcc/avr/5.4.0/avr5\libgcc.a(_ctors.o)
 .text.libgcc.fmul
                0x00000000        0x0 e:/tools/atmel/studio/7.0/toolchain/avr8/avr8-gnu-toolchain/bin/../lib/gcc/avr/5.4.0/avr5\libgcc.a(_ctors.o)
 .text.libgcc.fixed
                0x00000000        0x0 e:/tools/atmel/studio/7.0/toolchain/avr8/avr8-gnu-toolchain/bin/../lib/gcc/avr/5.4.0/avr5\libgcc.a(_ctors.o)
 .text          0x00000000        0x0 e:/tools/atmel/studio/7.0/toolchain/avr8/avr8-gnu-toolchain/bin/../lib/gcc/avr/5.4.0/avr5\libgcc.a(_dtors.o)
 .data          0x00000000        0x0 e:/tools/atmel/studio/7.0/toolchain/avr8/avr8-gnu-toolchain/bin/../lib/gcc/avr/5.4.0/avr5\libgcc.a(_dtors.o)
 .bss           0x00000000        0x0 e:/tools/atmel/studio/7.0/toolchain/avr8/avr8-gnu-toolchain/bin/../lib/gcc/avr/5.4.0/avr5\libgcc.a(_dtors.o)
 .text.libgcc.mul
                0x00000000        0x0 e:/tools/atmel/studio/7.0/toolchain/avr8/avr8-gnu-toolchain/bin/../lib/gcc/avr/5.4.0/avr5\libgcc.a(_dtors.o)
 .text.libgcc.div
                0x00000000        0x0 e:/tools/atmel/studio/7.0/toolchain/avr8/avr8-gnu-toolchain/bin/../lib/gcc/avr/5.4.0/avr5\libgcc.a(_dtors.o)
 .text.libgcc   0x00000000        0x0 e:/tools/atmel/studio/7.0/toolchain/avr8/avr8-gnu-toolchain/bin/../lib/gcc/avr/5.4.0/avr5\libgcc.a(_dtors.o)
 .text.libgcc.prologue
                0x00000000        0x0 e:/tools/atmel/studio/7.0/toolchain/avr8/avr8-gnu-toolchain/bin/../lib/gcc/avr/5.4.0/avr5\libgcc.a(_dtors.o)
 .text.libgcc.builtins
                0x00000000        0x0 e:/tools/atmel/studio/7.0/toolchain/avr8/avr8-gnu-toolchain/bin/../lib/gcc/avr/5.4.0/avr5\libgcc.a(_dtors.o)
 .text.libgcc.fmul
                0x00000000        0x0 e:/tools/atmel/studio/7.0/toolchain/avr8/avr8-gnu-toolchain/bin/../lib/gcc/avr/5.4.0/avr5\libgcc.a(_dtors.o)
 .text.libgcc.fixed
                0x00000000        0x0 e:/tools/atmel/studio/7.0/toolchain/avr8/avr8-gnu-toolchain/bin/../lib/gcc/avr/5.4.0/avr5\libgcc.a(_dtors.o)
 .text          0x00000000        0x0 e:/tools/atmel/studio/7.0/toolchain/avr8/avr8-gnu-toolchain/bin/../lib/gcc/avr/5.4.0/avr5\libgcc.a(_udivmodhi4.o)
 .data          0x00000000        0x0 e:/tools/atmel/studio/7.0/toolchain/avr8/avr8-gnu-toolchain/bin/../lib/gcc/avr/5.4.0/avr5\libgcc.a(_udivmodhi4.o)
 .bss           0x00000000        0x0 e:/tools/atmel/studio/7.0/toolchain/avr8/avr8-gnu-toolchain/bin/../lib/gcc/avr/5.4.0/avr5\libgcc.a(_udivmodhi4.o)
 .text.libgcc.mul
                0x00000000        0x0 e:/tools/atmel/studio/7.0/toolchain/avr8/avr8-gnu-toolchain/bin/../lib/gcc/avr/5.4.0/avr5\libgcc.a(_udivmodhi4.o)
 .text.libgcc   0x00000000        0x0 e:/tools/atmel/studio/7.0/toolchain/avr8/avr8-gnu-toolchain/bin/../lib/gcc/avr/5.4.0/avr5\libgcc.a(_udivmodhi4.o)
 .text.libgcc.prologue
                0x00000000        0x0 e:/tools/atmel/studio/7.0/toolchain/avr8/avr8-gnu-toolchain/bin/../lib/gcc/avr/5.4.0/avr5\libgcc.a(_udivmodhi4.o)
 .text.libgcc.builtins
                0x00000000        0x0 e:/tools/atmel/studio/7.0/toolchain/avr8/avr8-gnu-toolchain/bin/../lib/gcc/avr/5.4.0/avr5\libgcc.a(_udivmodhi4.o)
 .text.libgcc.fmul
                0x00000000        0x0 e:/tools/atmel/studio/7.0/toolchain/avr8/avr8-gnu-toolchain/bin/../lib/gcc/avr/5.4.0/avr5\libgcc.a(_udivmodhi4.o)
 .text.libgcc.fixed
                0x00000000        0x0 e:/tools/atmel/studio/7.0/toolchain/avr8/avr8-gnu-toolchain/bin/../lib/gcc/avr/5.4.0/avr5\libgcc.a(_udivmodhi4.o)
 .text          0x00000000        0x0 e:/tools/atmel/studio/7.0/toolchain/avr8/avr8-gnu-toolchain/bin/../lib/gcc/avr/5.4.0/avr5\libgcc.a(_tablejump2.o)
 .data          0x00000000        0x0 e:/tools/atmel/studio/7.0/toolchain/avr8/avr8-gnu-toolchain/bin/../lib/gcc/avr/5.4.0/avr5\libgcc.a(_tablejump2.o)
 .bss           0x00000000        0x0 e:/tools/atmel/studio/7.0/toolchain/avr8/avr8-gnu-toolchain/bin/../lib/gcc/avr/5.4.0/avr5\libgcc.a(_tablejump2.o)
 .text.libgcc.mul
                0x00000000        0x0 e:/tools/atmel/studio/7.0/toolchain/avr8/avr8-gnu-toolchain/bin/../lib/gcc/avr/5.4.0/avr5\libgcc.a(_tablejump2.o)
 .text.libgcc.div
                0x00000000        0x0 e:/tools/atmel/studio/7.0/toolchain/avr8/avr8-gnu-toolchain/bin/../lib/gcc/avr/5.4.0/avr5\libgcc.a(_tablejump2.o)
 .text.libgcc.prologue
                0x00000000        0x0 e:/tools/atmel/studio/7.0/toolchain/avr8/avr8-gnu-toolchain/bin/../lib/gcc/avr/5.4.0/avr5\libgcc.a(_tablejump2.o)
 .text.libgcc.builtins
                0x00000000        0x0 e:/tools/atmel/studio/7.0/toolchain/avr8/avr8-gnu-toolchain/bin/../lib/gcc/avr/5.4.0/avr5\libgcc.a(_tablejump2.o)
 .text.libgcc.fmul
                0x00000000        0x0 e:/tools/atmel/studio/7.0/toolchain/avr8/avr8-gnu-toolchain/bin/../lib/gcc/avr/5.4.0/avr5\libgcc.a(_tablejump2.o)
 .text.libgcc.fixed
                0x00000000        0x0 e:/tools/atmel/studio/7.0/toolchain/avr8/avr8-gnu-toolchain/bin/../lib/gcc/avr/5.4.0/avr5\libgcc.a(_tablejump2.o)
 .text          0x00000000        0x0 e:/tools/atmel/studio/7.0/toolchain/avr8/avr8-gnu-toolchain/bin/../lib/gcc/avr/5.4.0/../../../../avr/lib/avr5\libc.a(memset.o)
 .data          0x00000000        0x0 e:/tools/atmel/studio/7.0/toolchain/avr8/avr8-gnu-toolchain/bin/../lib/gcc/avr/5.4.0/../../../../avr/lib/avr5\libc.a(memset.o)
 .bss           0x00000000        0x0 e:/tools/atmel/studio/7.0/toolchain/avr8/avr8-gnu-toolchain/bin/../lib/gcc/avr/5.4.0/../../../../avr/lib/avr5\libc.a(memset.o)
 .text.avr-libc
                0x00000000        0xe e:/tools/atmel/studio/7.0/toolchain/avr8/avr8-gnu-toolchain/bin/../lib/gcc/avr/5.4.0/../../../../avr/lib/avr5\libc.a(memset.o)
 .text          0x00000000        0x0 e:/tools/atmel/studio/7.0/toolchain/avr8/avr8-gnu-toolchain/bin/../lib/gcc/avr/5.4.0/../../../../avr/lib/avr5\libc.a(strcpy.o)
 .data          0x00000000        0x0 e:/tools/atmel/studio/7.0/toolchain/avr8/avr8-gnu-toolchain/bin/../lib/gcc/avr/5.4.0/../../../../avr/lib/avr5\libc.a(strcpy.o)
 .bss           0x00000000        0x0 e:/tools/atmel/studio/7.0/toolchain/avr8/avr8-gnu-toolchain/bin/../lib/gcc/avr/5.4.0/../../../../avr/lib/avr5\libc.a(strcpy.o)
 .text          0x00000000        0x0 e:/tools/atmel/studio/7.0/toolchain/avr8/avr8-gnu-toolchain/bin/../lib/gcc/avr/5.4.0/../../../../avr/lib/avr5\libc.a(strncpy.o)
 .data          0x00000000        0x0 e:/tools/atmel/studio/7.0/toolchain/avr8/avr8-gnu-toolchain/bin/../lib/gcc/avr/5.4.0/../../../../avr/lib/avr5\libc.a(strncpy.o)
 .bss           0x00000000        0x0 e:/tools/atmel/studio/7.0/toolchain/avr8/avr8-gnu-toolchain/bin/../lib/gcc/avr/5.4.0/../../../../avr/lib/avr5\libc.a(strncpy.o)
 .text          0x00000000        0x0 e:/tools/atmel/studio/7.0/toolchain/avr8/avr8-gnu-toolchain/bin/../lib/gcc/avr/5.4.0/../../../../avr/lib/avr5\libc.a(itoa.o)
 .data          0x00000000        0x0 e:/tools/atmel/studio/7.0/toolchain/avr8/avr8-gnu-toolchain/bin/../lib/gcc/avr/5.4.0/../../../../avr/lib/avr5\libc.a(itoa.o)
 .bss           0x00000000        0x0 e:/tools/atmel/studio/7.0/toolchain/avr8/avr8-gnu-toolchain/bin/../lib/gcc/avr/5.4.0/../../../../avr/lib/avr5\libc.a(itoa.o)
 .text.avr-libc
                0x00000000       0x16 e:/tools/atmel/studio/7.0/toolchain/avr8/avr8-gnu-toolchain/bin/../lib/gcc/avr/5.4.0/../../../../avr/lib/avr5\libc.a(itoa.o)
 .text          0x00000000        0x0 e:/tools/atmel/studio/7.0/toolchain/avr8/avr8-gnu-toolchain/bin/../lib/gcc/avr/5.4.0/../../../../avr/lib/avr5\libc.a(itoa_ncheck.o)
 .data          0x00000000        0x0 e:/tools/atmel/studio/7.0/toolchain/avr8/avr8-gnu-toolchain/bin/../lib/gcc/avr/5.4.0/../../../../avr/lib/avr5\libc.a(itoa_ncheck.o)
 .bss           0x00000000        0x0 e:/tools/atmel/studio/7.0/toolchain/avr8/avr8-gnu-toolchain/bin/../lib/gcc/avr/5.4.0/../../../../avr/lib/avr5\libc.a(itoa_ncheck.o)
 .text          0x00000000        0x0 e:/tools/atmel/studio/7.0/toolchain/avr8/avr8-gnu-toolchain/bin/../lib/gcc/avr/5.4.0/../../../../avr/lib/avr5\libc.a(utoa_ncheck.o)
 .data          0x00000000        0x0 e:/tools/atmel/studio/7.0/toolchain/avr8/avr8-gnu-toolchain/bin/../lib/gcc/avr/5.4.0/../../../../avr/lib/avr5\libc.a(utoa_ncheck.o)
 .bss           0x00000000        0x0 e:/tools/atmel/studio/7.0/toolchain/avr8/avr8-gnu-toolchain/bin/../lib/gcc/avr/5.4.0/../../../../avr/lib/avr5\libc.a(utoa_ncheck.o)
 .text          0x00000000        0x0 e:/tools/atmel/studio/7.0/toolchain/avr8/avr8-gnu-toolchain/bin/../lib/gcc/avr/5.4.0/../../../../avr/lib/avr5\libc.a(strrev.o)
 .data          0x00000000        0x0 e:/tools/atmel/studio/7.0/toolchain/avr8/avr8-gnu-toolchain/bin/../lib/gcc/avr/5.4.0/../../../../avr/lib/avr5\libc.a(strrev.o)
 .bss           0x00000000        0x0 e:/tools/atmel/studio/7.0/toolchain/avr8/avr8-gnu-toolchain/bin/../lib/gcc/avr/5.4.0/../../../../avr/lib/avr5\libc.a(strrev.o)

Memory Configuration

Name             Origin             Length             Attributes
text             0x00000000         0x00008000         xr
data             0x00800100         0x00000800         rw !x
eeprom           0x00810000         0x00000400         rw !x
fuse             0x00820000         0x00000003         rw !x
lock             0x00830000         0x00000400         rw !x
signature        0x00840000         0x00000400         rw !x
user_signatures  0x00850000         0x00000400         rw !x
*default*        0x00000000         0xffffffff

Linker script and memory map

Address of section .data set to 0x800100
LOAD E:/tools/Atmel/Studio/7.0/Packs/atmel/ATmega_DFP/1.6.364/gcc/dev/atmega324pa/avr5/crtatmega324pa.o
LOAD adc.o
LOAD amplifier.o
LOAD clock.o
LOAD configuration.o
LOAD DG409.o
LOAD DS1267.o
LOAD encoder.o
LOAD execution_queue.o
LOAD HD44780.o
LOAD interrupts.o
LOAD Initialiser.o
LOAD LCD.o
LOAD main.o
LOAD menu_element.o
LOAD port.o
LOAD PWMSet.o
LOAD SPI_Master.o
LOAD string_c.o
START GROUP
LOAD e:/tools/atmel/studio/7.0/toolchain/avr8/avr8-gnu-toolchain/bin/../lib/gcc/avr/5.4.0/../../../../avr/lib/avr5\libm.a
END GROUP
LOAD e:/tools/atmel/studio/7.0/toolchain/avr8/avr8-gnu-toolchain/bin/../lib/gcc/avr/5.4.0/avr5\libgcc.a
LOAD e:/tools/atmel/studio/7.0/toolchain/avr8/avr8-gnu-toolchain/bin/../lib/gcc/avr/5.4.0/../../../../avr/lib/avr5\libm.a
START GROUP
LOAD e:/tools/atmel/studio/7.0/toolchain/avr8/avr8-gnu-toolchain/bin/../lib/gcc/avr/5.4.0/avr5\libgcc.a
LOAD e:/tools/atmel/studio/7.0/toolchain/avr8/avr8-gnu-toolchain/bin/../lib/gcc/avr/5.4.0/../../../../avr/lib/avr5\libm.a
LOAD e:/tools/atmel/studio/7.0/toolchain/avr8/avr8-gnu-toolchain/bin/../lib/gcc/avr/5.4.0/../../../../avr/lib/avr5\libc.a
LOAD E:/tools/Atmel/Studio/7.0/Packs/atmel/ATmega_DFP/1.6.364/gcc/dev/atmega324pa/avr5\libatmega324pa.a
END GROUP
                0x00000000                __TEXT_REGION_ORIGIN__ = DEFINED (__TEXT_REGION_ORIGIN__)?__TEXT_REGION_ORIGIN__:0x0
                [0x00800100]                __DATA_REGION_ORIGIN__ = DEFINED (__DATA_REGION_ORIGIN__)?__DATA_REGION_ORIGIN__:0x800060
                [0x00008000]                __TEXT_REGION_LENGTH__ = DEFINED (__TEXT_REGION_LENGTH__)?__TEXT_REGION_LENGTH__:0x20000
                [0x00000800]                __DATA_REGION_LENGTH__ = DEFINED (__DATA_REGION_LENGTH__)?__DATA_REGION_LENGTH__:0xffa0
                [0x00000400]                __EEPROM_REGION_LENGTH__ = DEFINED (__EEPROM_REGION_LENGTH__)?__EEPROM_REGION_LENGTH__:0x10000
                [0x00000003]                __FUSE_REGION_LENGTH__ = DEFINED (__FUSE_REGION_LENGTH__)?__FUSE_REGION_LENGTH__:0x400
                0x00000400                __LOCK_REGION_LENGTH__ = DEFINED (__LOCK_REGION_LENGTH__)?__LOCK_REGION_LENGTH__:0x400
                0x00000400                __SIGNATURE_REGION_LENGTH__ = DEFINED (__SIGNATURE_REGION_LENGTH__)?__SIGNATURE_REGION_LENGTH__:0x400
                0x00000400                __USER_SIGNATURE_REGION_LENGTH__ = DEFINED (__USER_SIGNATURE_REGION_LENGTH__)?__USER_SIGNATURE_REGION_LENGTH__:0x400

.hash
 *(.hash)

.dynsym
 *(.dynsym)

.dynstr
 *(.dynstr)

.gnu.version
 *(.gnu.version)

.gnu.version_d
 *(.gnu.version_d)

.gnu.version_r
 *(.gnu.version_r)

.rel.init
 *(.rel.init)

.rela.init
 *(.rela.init)

.rel.text
 *(.rel.text)
 *(.rel.text.*)
 *(.rel.gnu.linkonce.t*)

.rela.text
 *(.rela.text)
 *(.rela.text.*)
 *(.rela.gnu.linkonce.t*)

.rel.fini
 *(.rel.fini)

.rela.fini
 *(.rela.fini)

.rel.rodata
 *(.rel.rodata)
 *(.rel.rodata.*)
 *(.rel.gnu.linkonce.r*)

.rela.rodata
 *(.rela.rodata)
 *(.rela.rodata.*)
 *(.rela.gnu.linkonce.r*)

.rel.data
 *(.rel.data)
 *(.rel.data.*)
 *(.rel.gnu.linkonce.d*)

.rela.data
 *(.rela.data)
 *(.rela.data.*)
 *(.rela.gnu.linkonce.d*)

.rel.ctors
 *(.rel.ctors)

.rela.ctors
 *(.rela.ctors)

.rel.dtors
 *(.rel.dtors)

.rela.dtors
 *(.rela.dtors)

.rel.got
 *(.rel.got)

.rela.got
 *(.rela.got)

.rel.bss
 *(.rel.bss)

.rela.bss
 *(.rela.bss)

.rel.plt
 *(.rel.plt)

.rela.plt
 *(.rela.plt)

.text           0x00000000     0x18ae
 *(.vectors)
 .vectors       0x00000000       0x7c E:/tools/Atmel/Studio/7.0/Packs/atmel/ATmega_DFP/1.6.364/gcc/dev/atmega324pa/avr5/crtatmega324pa.o
                0x00000000                __vector_default
                0x00000000                __vectors
 *(.vectors)
 *(.progmem.gcc*)
                0x0000007c                . = ALIGN (0x2)
                0x0000007c                __trampolines_start = .
 *(.trampolines)
 .trampolines   0x0000007c        0x0 linker stubs
 *(.trampolines*)
                0x0000007c                __trampolines_end = .
 *libprintf_flt.a:*(.progmem.data)
 *libc.a:*(.progmem.data)
 *(.progmem*)
                0x0000007c                . = ALIGN (0x2)
 *(.jumptables)
 *(.jumptables*)
 *(.lowtext)
 *(.lowtext*)
                0x0000007c                __ctors_start = .
 *(.ctors)
 .ctors         0x0000007c        0x2 main.o
                0x0000007e                __ctors_end = .
                0x0000007e                __dtors_start = .
 *(.dtors)
 .dtors         0x0000007e        0x2 main.o
                0x00000080                __dtors_end = .
 SORT(*)(.ctors)
 SORT(*)(.dtors)
 *(.init0)
 .init0         0x00000080        0x0 E:/tools/Atmel/Studio/7.0/Packs/atmel/ATmega_DFP/1.6.364/gcc/dev/atmega324pa/avr5/crtatmega324pa.o
                0x00000080                __init
 *(.init0)
 *(.init1)
 *(.init1)
 *(.init2)
 .init2         0x00000080        0xc E:/tools/Atmel/Studio/7.0/Packs/atmel/ATmega_DFP/1.6.364/gcc/dev/atmega324pa/avr5/crtatmega324pa.o
 *(.init2)
 *(.init3)
 *(.init3)
 *(.init4)
 .init4         0x0000008c       0x16 e:/tools/atmel/studio/7.0/toolchain/avr8/avr8-gnu-toolchain/bin/../lib/gcc/avr/5.4.0/avr5\libgcc.a(_copy_data.o)
                0x0000008c                __do_copy_data
 .init4         0x000000a2       0x10 e:/tools/atmel/studio/7.0/toolchain/avr8/avr8-gnu-toolchain/bin/../lib/gcc/avr/5.4.0/avr5\libgcc.a(_clear_bss.o)
                0x000000a2                __do_clear_bss
 *(.init4)
 *(.init5)
 *(.init5)
 *(.init6)
 .init6         0x000000b2       0x16 e:/tools/atmel/studio/7.0/toolchain/avr8/avr8-gnu-toolchain/bin/../lib/gcc/avr/5.4.0/avr5\libgcc.a(_ctors.o)
                0x000000b2                __do_global_ctors
 *(.init6)
 *(.init7)
 *(.init7)
 *(.init8)
 *(.init8)
 *(.init9)
 .init9         0x000000c8        0x8 E:/tools/Atmel/Studio/7.0/Packs/atmel/ATmega_DFP/1.6.364/gcc/dev/atmega324pa/avr5/crtatmega324pa.o
 *(.init9)
 *(.text)
 .text          0x000000d0        0x4 E:/tools/Atmel/Studio/7.0/Packs/atmel/ATmega_DFP/1.6.364/gcc/dev/atmega324pa/avr5/crtatmega324pa.o
                0x000000d0                __vector_22
                0x000000d0                __vector_28
                0x000000d0                __vector_1
                0x000000d0                __vector_24
                0x000000d0                __vector_12
                0x000000d0                __bad_interrupt
                0x000000d0                __vector_6
                0x000000d0                __vector_3
                0x000000d0                __vector_23
                0x000000d0                __vector_30
                0x000000d0                __vector_25
                0x000000d0                __vector_11
                0x000000d0                __vector_19
                0x000000d0                __vector_7
                0x000000d0                __vector_27
                0x000000d0                __vector_5
                0x000000d0                __vector_4
                0x000000d0                __vector_2
                0x000000d0                __vector_21
                0x000000d0                __vector_15
                0x000000d0                __vector_29
                0x000000d0                __vector_8
                0x000000d0                __vector_26
                0x000000d0                __vector_14
                0x000000d0                __vector_10
                0x000000d0                __vector_16
                0x000000d0                __vector_18
                0x000000d0                __vector_20
                0x000000d4                . = ALIGN (0x2)
 *(.text.*)
 .text._ZN5clockC2Ev
                0x000000d4       0x22 clock.o
                0x000000d4                _ZN5clockC1Ev
                0x000000d4                _ZN5clockC2Ev
 .text._ZN5clock20build_clock_from_secEii
                0x000000f6      0x2d8 clock.o
                0x000000f6                _ZN5clock20build_clock_from_secEii
 .text._ZN5clock9get_watchEii
                0x000003ce       0x16 clock.o
                0x000003ce                _ZN5clock9get_watchEii
 .text._Z10initialisev
                0x000003e4       0x14 configuration.o
                0x000003e4                _Z10initialisev
 .text._ZN8nm_DG4095DG409C2ERKN9nm_DS12678pin_portES4_
                0x000003f8       0xd0 DG409.o
                0x000003f8                _ZN8nm_DG4095DG409C2ERKN9nm_DS12678pin_portES4_
                0x000003f8                _ZN8nm_DG4095DG409C1ERKN9nm_DS12678pin_portES4_
 .text._ZN8nm_DG4095DG409D2Ev
                0x000004c8        0x2 DG409.o
                0x000004c8                _ZN8nm_DG4095DG409D1Ev
                0x000004c8                _ZN8nm_DG4095DG409D2Ev
 .text._ZN9nm_DS126710ds1267PortC2ENS_8pin_portES1_S1_
                0x000004ca       0x36 DS1267.o
                0x000004ca                _ZN9nm_DS126710ds1267PortC2ENS_8pin_portES1_S1_
                0x000004ca                _ZN9nm_DS126710ds1267PortC1ENS_8pin_portES1_S1_
 .text._Z17set_encoder_timerv
                0x00000500       0x1c encoder.o
                0x00000500                _Z17set_encoder_timerv
 .text._ZN10nm_encoder7encoder17get_encoder_valueEv
                0x0000051c        0x8 encoder.o
                0x0000051c                _ZN10nm_encoder7encoder17get_encoder_valueEv
 .text._ZN10nm_encoder7encoder11get_encoderEv
                0x00000524        0xa encoder.o
                0x00000524                _ZN10nm_encoder7encoder11get_encoderEv
 .text._ZN10nm_encoder7encoder17get_encoder_stateEv
                0x0000052e       0x12 encoder.o
                0x0000052e                _ZN10nm_encoder7encoder17get_encoder_stateEv
 .text._ZN10nm_encoder7encoder16get_button_stateEv
                0x00000540        0xc encoder.o
                0x00000540                _ZN10nm_encoder7encoder16get_button_stateEv
 .text._ZN10nm_encoder7encoderC2Ev
                0x0000054c       0x9e encoder.o
                0x0000054c                _ZN10nm_encoder7encoderC2Ev
                0x0000054c                _ZN10nm_encoder7encoderC1Ev
 .text._ZN10nm_encoder7encoder13increment_valEv
                0x000005ea       0x16 encoder.o
                0x000005ea                _ZN10nm_encoder7encoder13increment_valEv
 .text._ZN10nm_encoder7encoder13decrement_valEv
                0x00000600       0x16 encoder.o
                0x00000600                _ZN10nm_encoder7encoder13decrement_valEv
 .text._ZN10nm_encoder7encoder12read_encoderEv
                0x00000616       0x56 encoder.o
                0x00000616                _ZN10nm_encoder7encoder12read_encoderEv
 .text._ZN10nm_encoder7encoder7sw_downEv
                0x0000066c        0xe encoder.o
                0x0000066c                _ZN10nm_encoder7encoder7sw_downEv
 .text._ZN10nm_encoder7encoder14sw_change_downEv
                0x0000067a        0x8 encoder.o
                0x0000067a                _ZN10nm_encoder7encoder14sw_change_downEv
 .text._ZN10nm_encoder7encoder12sw_change_upEv
                0x00000682       0x10 encoder.o
                0x00000682                _ZN10nm_encoder7encoder12sw_change_upEv
 .text._ZN10nm_encoder7encoder11read_switchEv
                0x00000692       0x34 encoder.o
                0x00000692                _ZN10nm_encoder7encoder11read_switchEv
 .text.__vector_17
                0x000006c6       0xa6 encoder.o
                0x000006c6                __vector_17
 .text._ZN10nm_encoder7encoder10get_clicksEv
                0x0000076c        0x6 encoder.o
                0x0000076c                _ZN10nm_encoder7encoder10get_clicksEv
 .text._Z14_LCD_OutNibbleh
                0x00000772       0x2a HD44780.o
                0x00000772                _Z14_LCD_OutNibbleh
 .text._Z10_LCD_Writeh
                0x0000079c       0x26 HD44780.o
                0x0000079c                _Z10_LCD_Writeh
 .text._Z16LCD_WriteCommandh
                0x000007c2        0x6 HD44780.o
                0x000007c2                _Z16LCD_WriteCommandh
 .text._Z13LCD_WriteDatah
                0x000007c8        0x6 HD44780.o
                0x000007c8                _Z13LCD_WriteDatah
 .text._Z13LCD_WriteTextPc
                0x000007ce       0x18 HD44780.o
                0x000007ce                _Z13LCD_WriteTextPc
 .text._Z8LCD_GoTohh
                0x000007e6       0x1c HD44780.o
                0x000007e6                _Z8LCD_GoTohh
 .text._Z9LCD_Clearv
                0x00000802       0x14 HD44780.o
                0x00000802                _Z9LCD_Clearv
 .text._Z8LCD_Homev
                0x00000816       0x14 HD44780.o
                0x00000816                _Z8LCD_Homev
 .text._Z13LCD_Initalizev
                0x0000082a       0x7c HD44780.o
                0x0000082a                _Z13LCD_Initalizev
 .text.__vector_13
                0x000008a6       0x88 interrupts.o
                0x000008a6                __vector_13
 .text._Z16timer_initialisev
                0x0000092e       0x36 interrupts.o
                0x0000092e                _Z16timer_initialisev
 .text._ZN11LCD_DISPLAY3LCD7refreshEv
                0x00000964       0x6e LCD.o
                0x00000964                _ZN11LCD_DISPLAY3LCD7refreshEv
 .text._ZN11LCD_DISPLAY3LCD10clear_lineEhhh
                0x000009d2       0x44 LCD.o
                0x000009d2                _ZN11LCD_DISPLAY3LCD10clear_lineEhhh
 .text._ZN11LCD_DISPLAY3LCDC2Ev
                0x00000a16       0x4c LCD.o
                0x00000a16                _ZN11LCD_DISPLAY3LCDC2Ev
                0x00000a16                _ZN11LCD_DISPLAY3LCDC1Ev
 .text._ZN11LCD_DISPLAY3LCD8set_lineEhPKch
                0x00000a62       0xc0 LCD.o
                0x00000a62                _ZN11LCD_DISPLAY3LCD8set_lineEhPKch
 .text._ZN11LCD_DISPLAY3LCD8set_lineEhih
                0x00000b22       0x80 LCD.o
                0x00000b22                _ZN11LCD_DISPLAY3LCD8set_lineEhih
 .text._ZN11LCD_DISPLAY3LCD6getlcdEv
                0x00000ba2        0xa LCD.o
                0x00000ba2                _ZN11LCD_DISPLAY3LCD6getlcdEv
 .text.startup.main
                0x00000bac      0x482 main.o
                0x00000bac                main
 .text.startup._GLOBAL__sub_I_day
                0x0000102e       0xc8 main.o
 .text.exit._GLOBAL__sub_D_day
                0x000010f6        0x8 main.o
 .text._ZN4menu8get_menuEv
                0x000010fe        0xa menu_element.o
                0x000010fe                _ZN4menu8get_menuEv
 .text._ZN4menu18sw_change_high_lowEv
                0x00001108        0x2 menu_element.o
                0x00001108                _ZN4menu18sw_change_high_lowEv
 .text._ZN4menu6sw_lowEv
                0x0000110a        0x2 menu_element.o
                0x0000110a                _ZN4menu6sw_lowEv
 .text._ZN12menu_elementC2EhhhPci
                0x0000110c       0x42 menu_element.o
                0x0000110c                _ZN12menu_elementC2EhhhPci
                0x0000110c                _ZN12menu_elementC1EhhhPci
 .text._ZN12menu_element7turn_cwEv
                0x0000114e       0x18 menu_element.o
                0x0000114e                _ZN12menu_element7turn_cwEv
 .text._ZN12menu_element8turn_ccwEv
                0x00001166       0x18 menu_element.o
                0x00001166                _ZN12menu_element8turn_ccwEv
 .text._ZN12menu_element10get_stringEv
                0x0000117e       0x80 menu_element.o
                0x0000117e                _ZN12menu_element10get_stringEv
 .text._ZN4menu10LCD_updateEv
                0x000011fe       0x70 menu_element.o
                0x000011fe                _ZN4menu10LCD_updateEv
 .text._ZN4menuC2EP12menu_element
                0x0000126e       0x28 menu_element.o
                0x0000126e                _ZN4menuC1EP12menu_element
                0x0000126e                _ZN4menuC2EP12menu_element
 .text._ZN4menu18sw_change_low_highEv
                0x00001296       0x28 menu_element.o
                0x00001296                _ZN4menu18sw_change_low_highEv
 .text._ZN4menu7turn_cwEv
                0x000012be       0x20 menu_element.o
                0x000012be                _ZN4menu7turn_cwEv
 .text._ZN4menu8turn_ccwEv
                0x000012de       0x20 menu_element.o
                0x000012de                _ZN4menu8turn_ccwEv
 .text._ZN12menu_element7setnextEPS_
                0x000012fe        0x8 menu_element.o
                0x000012fe                _ZN12menu_element7setnextEPS_
 .text._ZN12menu_element7setprevEPS_
                0x00001306        0x8 menu_element.o
                0x00001306                _ZN12menu_element7setprevEPS_
 .text._ZN12menu_element6settopEPS_
                0x0000130e        0x8 menu_element.o
                0x0000130e                _ZN12menu_element6settopEPS_
 .text._ZN12menu_element7setdownEPS_
                0x00001316        0x8 menu_element.o
                0x00001316                _ZN12menu_element7setdownEPS_
 .text._ZN9nm_DS12678pin_portC2Ehhhh
                0x0000131e       0x10 port.o
                0x0000131e                _ZN9nm_DS12678pin_portC2Ehhhh
                0x0000131e                _ZN9nm_DS12678pin_portC1Ehhhh
 .text._ZN9nm_DS12678pin_portC2ERKS0_
                0x0000132e        0x2 port.o
                0x0000132e                _ZN9nm_DS12678pin_portC2ERKS0_
                0x0000132e                _ZN9nm_DS12678pin_portC1ERKS0_
 .text._ZN9nm_DS12678pin_port7setModeEh
                0x00001330       0x76 port.o
                0x00001330                _ZN9nm_DS12678pin_port7setModeEh
 .text._ZN9nm_DS12678pin_port8setValueEb
                0x000013a6       0x28 port.o
                0x000013a6                _ZN9nm_DS12678pin_port8setValueEb
 .text._ZN6PWMSetC2Ea
                0x000013ce       0x7c PWMSet.o
                0x000013ce                _ZN6PWMSetC2Ea
                0x000013ce                _ZN6PWMSetC1Ea
 .text._ZN6PWMSet6setPWMEah
                0x0000144a       0x20 PWMSet.o
                0x0000144a                _ZN6PWMSet6setPWMEah
 .text._ZN11PWM_Channel7call_upEh
                0x0000146a       0x9a PWMSet.o
                0x0000146a                _ZN11PWM_Channel7call_upEh
 .text._ZN6PWMSet7callPWMEa
                0x00001504       0x3e PWMSet.o
                0x00001504                _ZN6PWMSet7callPWMEa
 .text.__vector_9
                0x00001542       0xae PWMSet.o
                0x00001542                __vector_9
 .text._ZN11PWM_Channel10set_outputEPVhS1_h
                0x000015f0       0x52 PWMSet.o
                0x000015f0                _ZN11PWM_Channel10set_outputEPVhS1_h
 .text._ZN6PWMSet10addchannelEPVhS1_h
                0x00001642       0x1a PWMSet.o
                0x00001642                _ZN6PWMSet10addchannelEPVhS1_h
 .text._ZN7string_8string_cC2Ev
                0x0000165c        0x8 string_c.o
                0x0000165c                _ZN7string_8string_cC1Ev
                0x0000165c                _ZN7string_8string_cC2Ev
 .text._ZN7string_8string_cC2EPc
                0x00001664       0x32 string_c.o
                0x00001664                _ZN7string_8string_cC1EPc
                0x00001664                _ZN7string_8string_cC2EPc
 .text._ZN7string_8string_cD2Ev
                0x00001696        0x2 string_c.o
                0x00001696                _ZN7string_8string_cD1Ev
                0x00001696                _ZN7string_8string_cD2Ev
 .text._ZN7string_8string_caSERKS0_
                0x00001698       0x36 string_c.o
                0x00001698                _ZN7string_8string_caSERKS0_
 .text._ZN7string_8string_cplERKS0_
                0x000016ce       0x54 string_c.o
                0x000016ce                _ZN7string_8string_cplERKS0_
 .text._ZN7string_8string_cplERKi
                0x00001722       0x66 string_c.o
                0x00001722                _ZN7string_8string_cplERKi
 .text._ZN7string_8string_c10getcontentEv
                0x00001788        0x4 string_c.o
                0x00001788                _ZN7string_8string_c10getcontentEv
 .text._ZN7string_8string_c5clearEv
                0x0000178c       0x16 string_c.o
                0x0000178c                _ZN7string_8string_c5clearEv
 .text.libgcc.div
                0x000017a2       0x28 e:/tools/atmel/studio/7.0/toolchain/avr8/avr8-gnu-toolchain/bin/../lib/gcc/avr/5.4.0/avr5\libgcc.a(_divmodhi4.o)
                0x000017a2                _div
                0x000017a2                __divmodhi4
 .text.libgcc.div
                0x000017ca       0x28 e:/tools/atmel/studio/7.0/toolchain/avr8/avr8-gnu-toolchain/bin/../lib/gcc/avr/5.4.0/avr5\libgcc.a(_udivmodhi4.o)
                0x000017ca                __udivmodhi4
 .text.libgcc   0x000017f2        0xc e:/tools/atmel/studio/7.0/toolchain/avr8/avr8-gnu-toolchain/bin/../lib/gcc/avr/5.4.0/avr5\libgcc.a(_tablejump2.o)
                0x000017f2                __tablejump2__
 .text.avr-libc
                0x000017fe        0xe e:/tools/atmel/studio/7.0/toolchain/avr8/avr8-gnu-toolchain/bin/../lib/gcc/avr/5.4.0/../../../../avr/lib/avr5\libc.a(strcpy.o)
                0x000017fe                strcpy
 .text.avr-libc
                0x0000180c       0x1e e:/tools/atmel/studio/7.0/toolchain/avr8/avr8-gnu-toolchain/bin/../lib/gcc/avr/5.4.0/../../../../avr/lib/avr5\libc.a(strncpy.o)
                0x0000180c                strncpy
 .text.avr-libc
                0x0000182a       0x16 e:/tools/atmel/studio/7.0/toolchain/avr8/avr8-gnu-toolchain/bin/../lib/gcc/avr/5.4.0/../../../../avr/lib/avr5\libc.a(itoa_ncheck.o)
                0x0000182a                __itoa_ncheck
 .text.avr-libc
                0x00001840       0x34 e:/tools/atmel/studio/7.0/toolchain/avr8/avr8-gnu-toolchain/bin/../lib/gcc/avr/5.4.0/../../../../avr/lib/avr5\libc.a(utoa_ncheck.o)
                0x00001840                __utoa_ncheck
                0x00001842                __utoa_common
 .text.avr-libc
                0x00001874       0x20 e:/tools/atmel/studio/7.0/toolchain/avr8/avr8-gnu-toolchain/bin/../lib/gcc/avr/5.4.0/../../../../avr/lib/avr5\libc.a(strrev.o)
                0x00001874                strrev
                0x00001894                . = ALIGN (0x2)
 *(.fini9)
 .fini9         0x00001894        0x0 e:/tools/atmel/studio/7.0/toolchain/avr8/avr8-gnu-toolchain/bin/../lib/gcc/avr/5.4.0/avr5\libgcc.a(_exit.o)
                0x00001894                _exit
                0x00001894                exit
 *(.fini9)
 *(.fini8)
 *(.fini8)
 *(.fini7)
 *(.fini7)
 *(.fini6)
 .fini6         0x00001894       0x16 e:/tools/atmel/studio/7.0/toolchain/avr8/avr8-gnu-toolchain/bin/../lib/gcc/avr/5.4.0/avr5\libgcc.a(_dtors.o)
                0x00001894                __do_global_dtors
 *(.fini6)
 *(.fini5)
 *(.fini5)
 *(.fini4)
 *(.fini4)
 *(.fini3)
 *(.fini3)
 *(.fini2)
 *(.fini2)
 *(.fini1)
 *(.fini1)
 *(.fini0)
 .fini0         0x000018aa        0x4 e:/tools/atmel/studio/7.0/toolchain/avr8/avr8-gnu-toolchain/bin/../lib/gcc/avr/5.4.0/avr5\libgcc.a(_exit.o)
 *(.fini0)
                0x000018ae                _etext = .

.data           0x00800100       0x6e load address 0x000018ae
                0x00800100                PROVIDE (__data_start, .)
 *(.data)
 *(.data*)
 *(.gnu.linkonce.d*)
 *(.rodata)
 .rodata        0x00800100       0x16 LCD.o
 *(.rodata*)
 .rodata.str1.1
                0x00800116        0x2 clock.o
                                  0x4 (size before relaxing)
 .rodata.str1.1
                0x00800118       0x18 DG409.o
 .rodata.CSWTCH.10
                0x00800130        0x3 HD44780.o
 .rodata.str1.1
                0x00800133        0xb LCD.o
 .rodata.str1.1
                0x0080013e       0x30 main.o
                                 0x34 (size before relaxing)
 *(.gnu.linkonce.r*)
                0x0080016e                . = ALIGN (0x2)
                0x0080016e                _edata = .
                0x0080016e                PROVIDE (__data_end, .)

.bss            0x0080016e       0x77
                0x0080016e                PROVIDE (__bss_start, .)
 *(.bss)
 *(.bss*)
 .bss._ZN10nm_encoder7encoder15encoder_pointerE
                0x0080016e        0x2 encoder.o
                0x0080016e                _ZN10nm_encoder7encoder15encoder_pointerE
 .bss.reaction  0x00800170        0x4 encoder.o
                0x00800170                reaction
 .bss.seconds   0x00800174        0x4 interrupts.o
                0x00800174                seconds
 .bss.sec       0x00800178        0x4 interrupts.o
                0x00800178                sec
 .bss._ZN11LCD_DISPLAY3LCD7pointerE
                0x0080017c        0x2 LCD.o
                0x0080017c                _ZN11LCD_DISPLAY3LCD7pointerE
 .bss.dg409     0x0080017e       0x2e main.o
                0x0080017e                dg409
 .bss.u5        0x008001ac        0x5 main.o
                0x008001ac                u5
 .bss.u4        0x008001b1        0x5 main.o
                0x008001b1                u4
 .bss.control   0x008001b6       0x14 main.o
                0x008001b6                control
 .bss.u3        0x008001ca        0x5 main.o
                0x008001ca                u3
 .bss.u2        0x008001cf        0x5 main.o
                0x008001cf                u2
 .bss.u1        0x008001d4        0x5 main.o
                0x008001d4                u1
 .bss._ZN4menu7pointerE
                0x008001d9        0x2 menu_element.o
                0x008001d9                _ZN4menu7pointerE
 .bss._ZN6PWMSet6pwmsetE
                0x008001db        0x2 PWMSet.o
                0x008001db                _ZN6PWMSet6pwmsetE
 .bss.pwm_test  0x008001dd        0x4 PWMSet.o
                0x008001dd                pwm_test
 .bss.pwm_clock
                0x008001e1        0x4 PWMSet.o
                0x008001e1                pwm_clock
 *(COMMON)
                0x008001e5                PROVIDE (__bss_end, .)
                0x000018ae                __data_load_start = LOADADDR (.data)
                0x0000191c                __data_load_end = (__data_load_start + SIZEOF (.data))

.noinit         0x008001e5        0x0
                [!provide]                PROVIDE (__noinit_start, .)
 *(.noinit*)
                [!provide]                PROVIDE (__noinit_end, .)
                0x008001e5                _end = .
                [!provide]                PROVIDE (__heap_start, .)

.eeprom         0x00810000        0x0
 *(.eeprom*)
                0x00810000                __eeprom_end = .

.fuse
 *(.fuse)
 *(.lfuse)
 *(.hfuse)
 *(.efuse)

.lock
 *(.lock*)

.signature
 *(.signature*)

.user_signatures
 *(.user_signatures*)

.stab
 *(.stab)

.stabstr
 *(.stabstr)

.stab.excl
 *(.stab.excl)

.stab.exclstr
 *(.stab.exclstr)

.stab.index
 *(.stab.index)

.stab.indexstr
 *(.stab.indexstr)

.comment        0x00000000       0x30
 *(.comment)
 .comment       0x00000000       0x30 clock.o
                                 0x31 (size before relaxing)
 .comment       0x00000030       0x31 configuration.o
 .comment       0x00000030       0x31 DG409.o
 .comment       0x00000030       0x31 DS1267.o
 .comment       0x00000030       0x31 encoder.o
 .comment       0x00000030       0x31 HD44780.o
 .comment       0x00000030       0x31 interrupts.o
 .comment       0x00000030       0x31 LCD.o
 .comment       0x00000030       0x31 main.o
 .comment       0x00000030       0x31 menu_element.o
 .comment       0x00000030       0x31 port.o
 .comment       0x00000030       0x31 PWMSet.o
 .comment       0x00000030       0x31 string_c.o

.note.gnu.avr.deviceinfo
                0x00000000       0x40
 .note.gnu.avr.deviceinfo
                0x00000000       0x40 E:/tools/Atmel/Studio/7.0/Packs/atmel/ATmega_DFP/1.6.364/gcc/dev/atmega324pa/avr5/crtatmega324pa.o

.note.gnu.build-id
 *(.note.gnu.build-id)

.debug
 *(.debug)

.line
 *(.line)

.debug_srcinfo
 *(.debug_srcinfo)

.debug_sfnames
 *(.debug_sfnames)

.debug_aranges
 *(.debug_aranges)

.debug_pubnames
 *(.debug_pubnames)

.debug_info     0x00000000      0x6cc
 *(.debug_info .gnu.linkonce.wi.*)
 .debug_info    0x00000000      0x6cc E:/tools/Atmel/Studio/7.0/Packs/atmel/ATmega_DFP/1.6.364/gcc/dev/atmega324pa/avr5/crtatmega324pa.o

.debug_abbrev   0x00000000      0x66e
 *(.debug_abbrev)
 .debug_abbrev  0x00000000      0x66e E:/tools/Atmel/Studio/7.0/Packs/atmel/ATmega_DFP/1.6.364/gcc/dev/atmega324pa/avr5/crtatmega324pa.o

.debug_line     0x00000000      0x151
 *(.debug_line .debug_line.* .debug_line_end)
 .debug_line    0x00000000      0x151 E:/tools/Atmel/Studio/7.0/Packs/atmel/ATmega_DFP/1.6.364/gcc/dev/atmega324pa/avr5/crtatmega324pa.o

.debug_frame
 *(.debug_frame)

.debug_str      0x00000000      0x255
 *(.debug_str)
 .debug_str     0x00000000      0x255 E:/tools/Atmel/Studio/7.0/Packs/atmel/ATmega_DFP/1.6.364/gcc/dev/atmega324pa/avr5/crtatmega324pa.o

.debug_loc
 *(.debug_loc)

.debug_macinfo
 *(.debug_macinfo)

.debug_weaknames
 *(.debug_weaknames)

.debug_funcnames
 *(.debug_funcnames)

.debug_typenames
 *(.debug_typenames)

.debug_varnames
 *(.debug_varnames)

.debug_pubtypes
 *(.debug_pubtypes)

.debug_ranges
 *(.debug_ranges)

.debug_macro
 *(.debug_macro)
OUTPUT(AmpDriver.elf elf32-avr)
LOAD linker stubs
